0, 00.0462585
0, 00.0523356
488.927, 0.9965280.0587528
488.927, 0.9930560.0652834
489.061, 0.9965280.0726984
489.271, 0.9895830.0788662
489.398, 0.9930560.0850567
489.352, 0.8784720.0914059
487.929, 0.8402780.0979365
