0, 0.8645830.0173923
439.335, 0.9947920.0260998
439.335, 0.9947920.0351474
439.46, 0.9973960.0442404
439.535, 10.053356
439.548, 0.9921880.0609297
439.51, 0.9401040.0696372
439.042, 0.8697920.0787982
438.014, 0.8619790.0870522
